{"target_month": "2024-01", "event": "pipeline_started", "run_id": "cccfd9f8-30c5-4403-a585-c24ed2b1a7d4", "level": "info", "timestamp": "2026-08-05T11:05:15.297325Z"}
{"month": "2024-01", "destination": "/tmp/data", "event": "download_started", "run_id": "cccfd9f8-30c5-4403-a585-c24ed2b1a7d4", "level": "info", "timestamp": "2026-08-05T11:05:15.297462Z"}
{"path": "/tmp/data/2024-01.csv", "event": "load_started", "run_id": "cccfd9f8-30c5-4403-a585-c24ed2b1a7d4", "level": "info", "timestamp": "2026-08-05T11:05:15.439363Z"}
{"target_month": "2024-01", "event": "pipeline_started", "run_id": "867cef8c-0c4b-4e04-871d-c0d458e94d39", "level": "info", "timestamp": "2026-08-05T11:07:40.718530Z"}
{"month": "2024-01", "destination": "/tmp/data", "event": "download_started", "run_id": "867cef8c-0c4b-4e04-871d-c0d458e94d39", "level": "info", "timestamp": "2026-08-05T11:07:40.718668Z"}
{"path": "/tmp/data/2024-01.csv", "event": "load_started", "run_id": "867cef8c-0c4b-4e04-871d-c0d458e94d39", "level": "info", "timestamp": "2026-08-05T11:07:40.837291Z"}
{"final_rows": 499987, "event": "Pipeline_works", "run_id": "867cef8c-0c4b-4e04-871d-c0d458e94d39", "level": "info", "timestamp": "2026-08-05T11:07:52.977708Z"}
{"target_month": null, "event": "pipeline_started", "run_id": "302fe445-12d8-477f-a754-709e08128b6f", "level": "info", "timestamp": "2026-08-06T11:20:53.748309Z"}
{"month": "2024-01", "destination": "/tmp/data", "event": "download_started", "run_id": "302fe445-12d8-477f-a754-709e08128b6f", "level": "info", "timestamp": "2026-08-06T11:20:53.748548Z"}
{"path": "/tmp/data/2024-01.csv", "event": "load_started", "run_id": "302fe445-12d8-477f-a754-709e08128b6f", "level": "info", "timestamp": "2026-08-06T11:20:53.970811Z"}
{"final_rows": 499987, "event": "Pipeline_completed_successfully", "run_id": "302fe445-12d8-477f-a754-709e08128b6f", "level": "info", "timestamp": "2026-08-06T11:21:17.563992Z"}
{"month": "2024-02", "destination": "/tmp/data", "event": "download_started", "run_id": "302fe445-12d8-477f-a754-709e08128b6f", "level": "info", "timestamp": "2026-08-06T11:21:17.564257Z"}
{"path": "/tmp/data/2024-02.csv", "event": "load_started", "run_id": "302fe445-12d8-477f-a754-709e08128b6f", "level": "info", "timestamp": "2026-08-06T11:21:17.777317Z"}
{"final_rows": 499988, "event": "Pipeline_completed_successfully", "run_id": "302fe445-12d8-477f-a754-709e08128b6f", "level": "info", "timestamp": "2026-08-06T11:21:41.379067Z"}
{"month": "2024-03", "destination": "/tmp/data", "event": "download_started", "run_id": "302fe445-12d8-477f-a754-709e08128b6f", "level": "info", "timestamp": "2026-08-06T11:21:41.379263Z"}
{"path": "/tmp/data/2024-03.csv", "event": "load_started", "run_id": "302fe445-12d8-477f-a754-709e08128b6f", "level": "info", "timestamp": "2026-08-06T11:21:41.593709Z"}
{"final_rows": 499981, "event": "Pipeline_completed_successfully", "run_id": "302fe445-12d8-477f-a754-709e08128b6f", "level": "info", "timestamp": "2026-08-06T11:22:05.080060Z"}
{"month": "2024-04", "destination": "/tmp/data", "event": "download_started", "run_id": "302fe445-12d8-477f-a754-709e08128b6f", "level": "info", "timestamp": "2026-08-06T11:22:05.080260Z"}
{"path": "/tmp/data/2024-04.csv", "event": "load_started", "run_id": "302fe445-12d8-477f-a754-709e08128b6f", "level": "info", "timestamp": "2026-08-06T11:22:05.304881Z"}
{"final_rows": 499995, "event": "Pipeline_completed_successfully", "run_id": "302fe445-12d8-477f-a754-709e08128b6f", "level": "info", "timestamp": "2026-08-06T11:22:29.336541Z"}
{"month": "2024-05", "destination": "/tmp/data", "event": "download_started", "run_id": "302fe445-12d8-477f-a754-709e08128b6f", "level": "info", "timestamp": "2026-08-06T11:22:29.336734Z"}
{"path": "/tmp/data/2024-05.csv", "event": "load_started", "run_id": "302fe445-12d8-477f-a754-709e08128b6f", "level": "info", "timestamp": "2026-08-06T11:22:29.553253Z"}
{"final_rows": 499987, "event": "Pipeline_completed_successfully", "run_id": "302fe445-12d8-477f-a754-709e08128b6f", "level": "info", "timestamp": "2026-08-06T11:22:53.282161Z"}
{"month": "2024-06", "destination": "/tmp/data", "event": "download_started", "run_id": "302fe445-12d8-477f-a754-709e08128b6f", "level": "info", "timestamp": "2026-08-06T11:22:53.282411Z"}
{"path": "/tmp/data/2024-06.csv", "event": "load_started", "run_id": "302fe445-12d8-477f-a754-709e08128b6f", "level": "info", "timestamp": "2026-08-06T11:22:53.505877Z"}
{"final_rows": 499958, "event": "Pipeline_completed_successfully", "run_id": "302fe445-12d8-477f-a754-709e08128b6f", "level": "info", "timestamp": "2026-08-06T11:23:16.908902Z"}
